// Jest Snapshot v1, https://goo.gl/fbAQLP

exports[`SecondaryHeadline renders correctly 1`] = `
.c0 {
  font-family: Arial,Helvetica,sans-serif;
  font-size: 1.4rem;
  color: #444444;
  line-height: 1.2;
  margin: 1.4rem 0;
  margin-top: 3rem;
  padding-top: 1.6rem;
  border-top: 1px solid #908e89;
}

<h2
  className="c0"
/>
`;
