// Jest Snapshot v1, https://goo.gl/fbAQLP

exports[`Overview renders correctly 1`] = `
<styled.section>
  <styled.h1>
    Welcome to React TypeScript Quickstart
  </styled.h1>
  <styled.p>
    A simple React starter kit, but with TypeScript. It takes care of initial developement environment setup and puts everything to use in simple example. Notable technologies used: React, TypeScript, FuseBox, TSLint and styled-components. Formatted with prettier.
  </styled.p>
</styled.section>
`;
