// Jest Snapshot v1, https://goo.gl/fbAQLP

exports[`Wrapper renders correctly 1`] = `
.c0 {
  grid-column: 1 / -1;
}

<section
  className="c0"
/>
`;
