// Jest Snapshot v1, https://goo.gl/fbAQLP

exports[`App renders correctly 1`] = `
<styled.div>
  <Header />
  <Styled(styled.article)>
    <Overview />
  </Styled(styled.article)>
</styled.div>
`;
