// Jest Snapshot v1, https://goo.gl/fbAQLP

exports[`Wrapper renders correctly 1`] = `
.c0 {
  display: grid;
  grid-template-columns: repeat(3,1fr);
  grid-gap: 20px;
}

<section
  className="c0"
/>
`;
