// Jest Snapshot v1, https://goo.gl/fbAQLP

exports[`MainContentColumn renders correctly 1`] = `
.c0 {
  grid-column: 1 / -2;
}

@media (max-width:62.5em) {
  .c0 {
    grid-column: 1 / -1;
  }
}

<section
  className="c0"
/>
`;
