// Jest Snapshot v1, https://goo.gl/fbAQLP

exports[`Wrapper renders correctly 1`] = `
.c0 {
  background-color: blue;
}

@media (max-width:43.75em) {
  .c0 {
    background-color: red;
  }
}

<h1
  className="c0"
/>
`;
