// Jest Snapshot v1, https://goo.gl/fbAQLP

exports[`MainParagraph renders correctly 1`] = `
.c0 {
  font-size: 2.4rem;
  color: #444444;
  line-height: 1.4;
  margin: 0.8rem 0;
}

<p
  className="c0"
/>
`;
