// Jest Snapshot v1, https://goo.gl/fbAQLP

exports[`CurrentValue renders correctly 1`] = `
.c0 {
  display: -webkit-inline-box;
  display: -webkit-inline-flex;
  display: -ms-inline-flexbox;
  display: inline-flex;
  -webkit-box-pack: center;
  -webkit-justify-content: center;
  -ms-flex-pack: center;
  justify-content: center;
  -webkit-align-items: center;
  -webkit-box-align: center;
  -ms-flex-align: center;
  align-items: center;
  line-height: 1;
  height: 3.6rem;
  font-size: 2.4rem;
  font-weight: 700;
  color: #ffffff;
  background: #4a6cbb;
  padding: 0 1.4rem;
  border-radius: 6px;
  min-width: 8rem;
  margin: 1rem 0;
}

<p
  className="c0"
/>
`;
