// Jest Snapshot v1, https://goo.gl/fbAQLP

exports[`Description renders correctly 1`] = `
.c0 {
  -webkit-flex: 1 0;
  -ms-flex: 1 0;
  flex: 1 0;
}

<styled.p
  className="c0"
/>
`;
