// Jest Snapshot v1, https://goo.gl/fbAQLP

exports[`PanelRowGrid renders correctly 1`] = `
.c0 {
  display: grid;
  grid-template-columns: repeat(2,1fr);
  grid-gap: 1rem;
}

<div
  className="c0"
/>
`;
