// Jest Snapshot v1, https://goo.gl/fbAQLP

exports[`MainContent renders correctly 1`] = `
.c0 {
  display: grid;
  grid-template-columns: repeat(3,1fr);
  grid-gap: 2rem;
}

<styled.article
  className="c0"
/>
`;
