// Jest Snapshot v1, https://goo.gl/fbAQLP

exports[`Text renders correctly 1`] = `
.c0 {
  font-family: Helvetica,Arial,sans-serif;
  color: #444444;
  margin: 0.8rem 0;
}

.c0 strong {
  font-weight: 700;
}

<p
  className="c0"
/>
`;
