// Jest Snapshot v1, https://goo.gl/fbAQLP

exports[`Item renders correctly 1`] = `
.c0 {
  margin: 0.2rem 0;
}

<styled.li
  className="c0"
/>
`;
