// Jest Snapshot v1, https://goo.gl/fbAQLP

exports[`OrderedList renders correctly 1`] = `
.c0 {
  list-style-type: decimal;
}

<styled.ol
  className="c0"
/>
`;
