// Jest Snapshot v1, https://goo.gl/fbAQLP

exports[`TextList renders correctly 1`] = `<styled.ul />`;

exports[`TextList renders correctly list Item 1`] = `
.c0 {
  margin: 0.2rem 0;
}

<styled.li
  className="c0"
/>
`;

exports[`TextList renders correctly when ordered 1`] = `<Styled(styled.ol) />`;
