// Jest Snapshot v1, https://goo.gl/fbAQLP

exports[`Banner renders correctly 1`] = `
.c0 {
  border-bottom: 1px solid #908e89;
  box-shadow: 0 4px 4px -1px rgba(40,40,40,0.1);
}

<header
  className="c0"
/>
`;
