// Jest Snapshot v1, https://goo.gl/fbAQLP

exports[`Wrapper renders correctly 1`] = `
.c0 {
  border-top: 2px solid #908e89;
  border-collapse: collapse;
  color: #444444;
  margin: 1rem 0;
  width: 100%;
}

<table
  className="c0"
/>
`;
